Test Started

[TEST] 1. SmartMoneyScreener 테스트 시작...
  - run_screening(max_stocks=3) 실행 중...
  ✅ 스크리닝 성공: 2개 종목 발견
   ticker  name
0  010820   퍼스텍
1  024060  흥구석유

  - generate_signals 실행 중...
  ✅ 시그널 생성 성공: 0개 시그널
Test Complete.
